q1_1	class	
q1_2	abstract class	
q1_3	interface	
q1_4	interface	
q1_5	abstract class	
q1_6	implements	
q1_7	abstract class	
q1_8	extends	
q1_9	class	
q1_10	extends	
q2_11	legal	
q2_12	legal	
q2_13	legal	
q2_14	legal	
q2_15	illegal	
q2_16	legal	
q2_17	illegal	
q2_18	illegal	
q2_19	legal	
q2_20	illegal	
q2_21	legal	
