q1_1	O(n),O(n^2),O(n^3),O(n^4),O(log2(n)),O(log3(n),O(√(n)),O(2^n),O(3^n),O(10^n),O(n!),O(n^n),O(1),O(n*log2(n),O(n*√n)]	
q1_2	%comp	
q1_3	b	
q1_4	gcd	
q2_5	%comp	
q2_6	b	
q2_7	temp	
q3_8	gcd	
q4_9	%comp	
q4_10	n	
q4_11	n	
q4_12	prod	
q4_13	m	
q4_14	x	
q4_15	x	
q4_16	m	
q5_17	%comp	
q5_18	p-1	
q5_19	a	
q5_20	p	
q6_21	%comp	
q6_22	n-2	
q6_23	a	
q6_24	n	
q6_25	x	
q6_26	n	
q6_27	a	
q6_28	false	
